// Jest Snapshot v1, https://goo.gl/fbAQLP

exports[`expressionStatement 	!a
 1`] = `
{
  "expression": {
    "operand": {
      "name": "a",
      "type": "UntypedVariable",
    },
    "operator": "Negation",
    "type": "UnaryExpression",
  },
  "type": "ExpressionStatement",
}
`;

exports[`expressionStatement 	-b
 1`] = `
{
  "expression": {
    "operand": {
      "name": "b",
      "type": "UntypedVariable",
    },
    "operator": "Negative",
    "type": "UnaryExpression",
  },
  "type": "ExpressionStatement",
}
`;

exports[`expressionStatement 	1 * 2 + 3
 1`] = `
{
  "expression": {
    "left": {
      "left": {
        "type": "NumericLiteral",
        "value": "1",
      },
      "operator": "Multiplication",
      "right": {
        "type": "NumericLiteral",
        "value": "2",
      },
      "type": "BinaryExpression",
    },
    "operator": "Addition",
    "right": {
      "type": "NumericLiteral",
      "value": "3",
    },
    "type": "BinaryExpression",
  },
  "type": "ExpressionStatement",
}
`;

exports[`expressionStatement 	1 + 2 + 3
 1`] = `
{
  "expression": {
    "left": {
      "left": {
        "type": "NumericLiteral",
        "value": "1",
      },
      "operator": "Addition",
      "right": {
        "type": "NumericLiteral",
        "value": "2",
      },
      "type": "BinaryExpression",
    },
    "operator": "Addition",
    "right": {
      "type": "NumericLiteral",
      "value": "3",
    },
    "type": "BinaryExpression",
  },
  "type": "ExpressionStatement",
}
`;

exports[`expressionStatement 	4 * 7 + a * b
 1`] = `
{
  "expression": {
    "left": {
      "left": {
        "type": "NumericLiteral",
        "value": "4",
      },
      "operator": "Multiplication",
      "right": {
        "type": "NumericLiteral",
        "value": "7",
      },
      "type": "BinaryExpression",
    },
    "operator": "Addition",
    "right": {
      "left": {
        "name": "a",
        "type": "UntypedVariable",
      },
      "operator": "Multiplication",
      "right": {
        "name": "b",
        "type": "UntypedVariable",
      },
      "type": "BinaryExpression",
    },
    "type": "BinaryExpression",
  },
  "type": "ExpressionStatement",
}
`;

exports[`expressionStatement 	4 + 5
 1`] = `
{
  "expression": {
    "left": {
      "type": "NumericLiteral",
      "value": "4",
    },
    "operator": "Addition",
    "right": {
      "type": "NumericLiteral",
      "value": "5",
    },
    "type": "BinaryExpression",
  },
  "type": "ExpressionStatement",
}
`;

exports[`expressionStatement 	a + b
 1`] = `
{
  "expression": {
    "left": {
      "name": "a",
      "type": "UntypedVariable",
    },
    "operator": "Addition",
    "right": {
      "name": "b",
      "type": "UntypedVariable",
    },
    "type": "BinaryExpression",
  },
  "type": "ExpressionStatement",
}
`;
